
     Program Q2R v.7.3.1 starts on 16Aug2024 at  2:12:19 

     This program is part of the open-source Quantum ESPRESSO suite
     for quantum simulation of materials; please cite
         "P. Giannozzi et al., J. Phys.:Condens. Matter 21 395502 (2009);
         "P. Giannozzi et al., J. Phys.:Condens. Matter 29 465901 (2017);
         "P. Giannozzi et al., J. Chem. Phys. 152 154105 (2020);
          URL http://www.quantum-espresso.org", 
     in publications or presentations arising from this work. More details at
     http://www.quantum-espresso.org/quote

     Parallel version (MPI), running on    24 processors

     MPI processes distributed on     1 nodes
     R & G space division:  proc/nbgrp/npool/nimage =      24
     78046 MiB available memory on the printing compute node when the environment starts


  reading grid info from file dyn0    

  reading force constants from file dyn1
 macroscopic fields = T
   2.79907   0.00000   0.00000
   0.00000   2.81895   0.00000
   0.00000   0.00000   3.04723
  na=            1
   2.36948  -0.04275   0.00000
   0.19693   2.36873   0.00000
   0.00000   0.00000   3.00473
  na=            2
   2.36948   0.04275   0.00000
  -0.19693   2.36873   0.00000
   0.00000   0.00000   3.00473
  na=            3
  -0.06596   0.00462   0.00001
   0.11921   0.04143   0.00000
   0.00002   0.00002  -0.17386
  na=            4
  -0.06596   0.00462  -0.00001
   0.11921   0.04143  -0.00000
  -0.00002  -0.00002  -0.17386
  na=            5
  -0.06596  -0.00462  -0.00001
  -0.11921   0.04143   0.00000
  -0.00002   0.00002  -0.17386
  na=            6
  -0.06596  -0.00462   0.00001
  -0.11921   0.04143  -0.00000
   0.00002  -0.00002  -0.17386
  na=            7
  -0.46810   0.10233  -0.00001
   0.12460  -0.22072   0.00000
  -0.00000   0.00000  -0.26237
  na=            8
  -0.46810   0.10233   0.00001
   0.12460  -0.22072  -0.00000
   0.00000  -0.00000  -0.26237
  na=            9
  -0.46810  -0.10233   0.00001
  -0.12460  -0.22072   0.00000
   0.00000   0.00000  -0.26237
  na=           10
  -0.46810  -0.10233  -0.00001
  -0.12460  -0.22072  -0.00000
  -0.00000  -0.00000  -0.26237
  na=           11
  -0.19471   0.04971   0.00001
  -0.04851  -0.47656   0.00001
   0.00001   0.00001  -0.27081
  na=           12
  -0.19471   0.04971  -0.00001
  -0.04851  -0.47656  -0.00001
  -0.00001  -0.00001  -0.27081
  na=           13
  -0.19471  -0.04971  -0.00001
   0.04851  -0.47656   0.00001
  -0.00001   0.00001  -0.27081
  na=           14
  -0.19471  -0.04971   0.00001
   0.04851  -0.47656  -0.00001
   0.00001  -0.00001  -0.27081
  na=           15
  -0.22793   0.17644   0.09019
   0.14812  -0.26352  -0.09934
   0.06090  -0.09930  -0.39761
  na=           16
  -0.22793   0.17644  -0.09019
   0.14812  -0.26352   0.09934
  -0.06090   0.09930  -0.39761
  na=           17
  -0.22793  -0.17644  -0.09019
  -0.14812  -0.26352  -0.09934
  -0.06090  -0.09930  -0.39761
  na=           18
  -0.22793  -0.17644   0.09019
  -0.14812  -0.26352   0.09934
   0.06090   0.09930  -0.39761
  na=           19
  -0.22794   0.17643   0.09018
   0.14813  -0.26349  -0.09932
   0.06090  -0.09927  -0.39757
  na=           20
  -0.22794   0.17643  -0.09018
   0.14813  -0.26349   0.09932
  -0.06090   0.09927  -0.39757
  na=           21
  -0.22794  -0.17643  -0.09018
  -0.14813  -0.26349  -0.09932
  -0.06090  -0.09927  -0.39757
  na=           22
  -0.22794  -0.17643   0.09018
  -0.14813  -0.26349   0.09932
   0.06090   0.09927  -0.39757
  Norm of the difference between old and new effective charges:    0.00130367876513901807
  nqs=            1
 q=   0.00000000  0.00000000  0.00000000
  reading force constants from file dyn2
  nqs=            1
 q=   0.00000000  0.00000000 -0.79894504
  reading force constants from file dyn3
  nqs=            1
 q=   0.00000000 -0.50574432  0.00000000
  reading force constants from file dyn4
  nqs=            1
 q=   0.00000000 -0.50574432 -0.79894504
  reading force constants from file dyn5
  nqs=            1
 q=  -0.50000000  0.00000000  0.00000000
  reading force constants from file dyn6
  nqs=            1
 q=  -0.50000000  0.00000000 -0.79894504
  reading force constants from file dyn7
  nqs=            1
 q=  -0.50000000 -0.50574432  0.00000000
  reading force constants from file dyn8
  nqs=            1
 q=  -0.50000000 -0.50574432 -0.79894504

      q-space grid ok, #points =    8

      fft-check warning: sum of imaginary terms = 2.330591E-07

     Q2R          :      0.97s CPU      1.03s WALL


   This run was terminated on:   2:12:20  16Aug2024            

=------------------------------------------------------------------------------=
   JOB DONE.
=------------------------------------------------------------------------------=
