
     Program Q2R v.7.3.1 starts on 16Aug2024 at  0:56:15 

     This program is part of the open-source Quantum ESPRESSO suite
     for quantum simulation of materials; please cite
         "P. Giannozzi et al., J. Phys.:Condens. Matter 21 395502 (2009);
         "P. Giannozzi et al., J. Phys.:Condens. Matter 29 465901 (2017);
         "P. Giannozzi et al., J. Chem. Phys. 152 154105 (2020);
          URL http://www.quantum-espresso.org", 
     in publications or presentations arising from this work. More details at
     http://www.quantum-espresso.org/quote

     Parallel version (MPI), running on    24 processors

     MPI processes distributed on     1 nodes
     R & G space division:  proc/nbgrp/npool/nimage =      24
     78139 MiB available memory on the printing compute node when the environment starts


  reading grid info from file dyn0    

  reading force constants from file dyn1
 macroscopic fields = T
   2.83620   0.00000   0.00000
   0.00000   2.86354   0.00000
   0.00000   0.00000   3.08068
  na=            1
   2.38401  -0.06180   0.00000
   0.22185   2.38764   0.00000
   0.00000   0.00000   2.99849
  na=            2
   2.38401   0.06180   0.00000
  -0.22185   2.38764   0.00000
   0.00000   0.00000   2.99849
  na=            3
  -0.09038   0.00425   0.00000
   0.13814   0.03279  -0.00000
   0.00001  -0.00001  -0.17846
  na=            4
  -0.09038   0.00425  -0.00000
   0.13814   0.03279   0.00000
  -0.00001   0.00001  -0.17846
  na=            5
  -0.09038  -0.00425  -0.00000
  -0.13814   0.03279  -0.00000
  -0.00001  -0.00001  -0.17846
  na=            6
  -0.09038  -0.00425   0.00000
  -0.13814   0.03279   0.00000
   0.00001   0.00001  -0.17846
  na=            7
  -0.46149   0.11608  -0.00002
   0.12941  -0.22509   0.00001
  -0.00001   0.00001  -0.25890
  na=            8
  -0.46149   0.11608   0.00002
   0.12941  -0.22509  -0.00001
   0.00001  -0.00001  -0.25890
  na=            9
  -0.46149  -0.11608   0.00002
  -0.12941  -0.22509   0.00001
   0.00001   0.00001  -0.25890
  na=           10
  -0.46149  -0.11608  -0.00002
  -0.12941  -0.22509  -0.00001
  -0.00001  -0.00001  -0.25890
  na=           11
  -0.19966   0.03023  -0.00000
  -0.06876  -0.46895   0.00003
  -0.00000   0.00002  -0.26700
  na=           12
  -0.19966   0.03023   0.00000
  -0.06876  -0.46895  -0.00003
   0.00000  -0.00002  -0.26700
  na=           13
  -0.19966  -0.03023   0.00000
   0.06876  -0.46895   0.00003
   0.00000   0.00002  -0.26700
  na=           14
  -0.19966  -0.03023  -0.00000
   0.06876  -0.46895  -0.00003
  -0.00000  -0.00002  -0.26700
  na=           15
  -0.22023   0.17179   0.08609
   0.13711  -0.26546  -0.09980
   0.05358  -0.10397  -0.39734
  na=           16
  -0.22023   0.17179  -0.08609
   0.13711  -0.26546   0.09980
  -0.05358   0.10397  -0.39734
  na=           17
  -0.22023  -0.17179  -0.08609
  -0.13711  -0.26546  -0.09980
  -0.05358  -0.10397  -0.39734
  na=           18
  -0.22023  -0.17179   0.08609
  -0.13711  -0.26546   0.09980
   0.05358   0.10397  -0.39734
  na=           19
  -0.22021   0.17176   0.08607
   0.13709  -0.26543  -0.09977
   0.05357  -0.10394  -0.39730
  na=           20
  -0.22021   0.17176  -0.08607
   0.13709  -0.26543   0.09977
  -0.05357   0.10394  -0.39730
  na=           21
  -0.22021  -0.17176  -0.08607
  -0.13709  -0.26543  -0.09977
  -0.05357  -0.10394  -0.39730
  na=           22
  -0.22021  -0.17176   0.08607
  -0.13709  -0.26543   0.09977
   0.05357   0.10394  -0.39730
  Norm of the difference between old and new effective charges:    0.00144618596371284196
  nqs=            1
 q=   0.00000000  0.00000000  0.00000000
  reading force constants from file dyn2
  nqs=            1
 q=   0.00000000  0.00000000 -0.78804441
  reading force constants from file dyn3
  nqs=            1
 q=   0.00000000 -0.50526361  0.00000000
  reading force constants from file dyn4
  nqs=            1
 q=   0.00000000 -0.50526361 -0.78804441
  reading force constants from file dyn5
  nqs=            1
 q=  -0.50000000  0.00000000  0.00000000
  reading force constants from file dyn6
  nqs=            1
 q=  -0.50000000  0.00000000 -0.78804441
  reading force constants from file dyn7
  nqs=            1
 q=  -0.50000000 -0.50526361  0.00000000
  reading force constants from file dyn8
  nqs=            1
 q=  -0.50000000 -0.50526361 -0.78804441

      q-space grid ok, #points =    8

      fft-check warning: sum of imaginary terms = 2.128889E-07

     Q2R          :      0.95s CPU      1.03s WALL


   This run was terminated on:   0:56:16  16Aug2024            

=------------------------------------------------------------------------------=
   JOB DONE.
=------------------------------------------------------------------------------=
