
     Program Q2R v.7.3.1 starts on 16Aug2024 at  0:10:58 

     This program is part of the open-source Quantum ESPRESSO suite
     for quantum simulation of materials; please cite
         "P. Giannozzi et al., J. Phys.:Condens. Matter 21 395502 (2009);
         "P. Giannozzi et al., J. Phys.:Condens. Matter 29 465901 (2017);
         "P. Giannozzi et al., J. Chem. Phys. 152 154105 (2020);
          URL http://www.quantum-espresso.org", 
     in publications or presentations arising from this work. More details at
     http://www.quantum-espresso.org/quote

     Parallel version (MPI), running on    24 processors

     MPI processes distributed on     1 nodes
     R & G space division:  proc/nbgrp/npool/nimage =      24
     78159 MiB available memory on the printing compute node when the environment starts


  reading grid info from file dyn0    

  reading force constants from file dyn1
 macroscopic fields = T
   2.85582   0.00000   0.00000
   0.00000   2.88689   0.00000
   0.00000   0.00000   3.09767
  na=            1
   2.39192  -0.06714   0.00000
   0.23175   2.39834   0.00000
   0.00000   0.00000   2.99493
  na=            2
   2.39192   0.06714   0.00000
  -0.23175   2.39834   0.00000
   0.00000   0.00000   2.99493
  na=            3
  -0.10045   0.00568   0.00000
   0.14571   0.02690   0.00000
   0.00002   0.00001  -0.18080
  na=            4
  -0.10045   0.00568  -0.00000
   0.14571   0.02690  -0.00000
  -0.00002  -0.00001  -0.18080
  na=            5
  -0.10045  -0.00568  -0.00000
  -0.14571   0.02690   0.00000
  -0.00002   0.00001  -0.18080
  na=            6
  -0.10045  -0.00568   0.00000
  -0.14571   0.02690  -0.00000
   0.00002  -0.00001  -0.18080
  na=            7
  -0.45841   0.12142  -0.00002
   0.13166  -0.22714   0.00001
  -0.00002   0.00001  -0.25741
  na=            8
  -0.45841   0.12142   0.00002
   0.13166  -0.22714  -0.00001
   0.00002  -0.00001  -0.25741
  na=            9
  -0.45841  -0.12142   0.00002
  -0.13166  -0.22714   0.00001
   0.00002   0.00001  -0.25741
  na=           10
  -0.45841  -0.12142  -0.00002
  -0.13166  -0.22714  -0.00001
  -0.00002  -0.00001  -0.25741
  na=           11
  -0.20348   0.02100   0.00001
  -0.07705  -0.46482   0.00001
   0.00000  -0.00000  -0.26466
  na=           12
  -0.20348   0.02100  -0.00001
  -0.07705  -0.46482  -0.00001
  -0.00000   0.00000  -0.26466
  na=           13
  -0.20348  -0.02100  -0.00001
   0.07705  -0.46482   0.00001
  -0.00000  -0.00000  -0.26466
  na=           14
  -0.20348  -0.02100   0.00001
   0.07705  -0.46482  -0.00001
   0.00000   0.00000  -0.26466
  na=           15
  -0.21682   0.16921   0.08386
   0.13201  -0.26622  -0.10003
   0.05006  -0.10603  -0.39717
  na=           16
  -0.21682   0.16921  -0.08386
   0.13201  -0.26622   0.10003
  -0.05006   0.10603  -0.39717
  na=           17
  -0.21682  -0.16921  -0.08386
  -0.13201  -0.26622  -0.10003
  -0.05006  -0.10603  -0.39717
  na=           18
  -0.21682  -0.16921   0.08386
  -0.13201  -0.26622   0.10003
   0.05006   0.10603  -0.39717
  na=           19
  -0.21681   0.16918   0.08382
   0.13199  -0.26619  -0.10000
   0.05004  -0.10600  -0.39715
  na=           20
  -0.21681   0.16918  -0.08382
   0.13199  -0.26619   0.10000
  -0.05004   0.10600  -0.39715
  na=           21
  -0.21681  -0.16918  -0.08382
  -0.13199  -0.26619  -0.10000
  -0.05004  -0.10600  -0.39715
  na=           22
  -0.21681  -0.16918   0.08382
  -0.13199  -0.26619   0.10000
   0.05004   0.10600  -0.39715
  Norm of the difference between old and new effective charges:    0.00147041869846504993
  nqs=            1
 q=   0.00000000  0.00000000  0.00000000
  reading force constants from file dyn2
  nqs=            1
 q=   0.00000000  0.00000000 -0.78213508
  reading force constants from file dyn3
  nqs=            1
 q=   0.00000000 -0.50450983  0.00000000
  reading force constants from file dyn4
  nqs=            1
 q=   0.00000000 -0.50450983 -0.78213508
  reading force constants from file dyn5
  nqs=            1
 q=  -0.50000000  0.00000000  0.00000000
  reading force constants from file dyn6
  nqs=            1
 q=  -0.50000000  0.00000000 -0.78213508
  reading force constants from file dyn7
  nqs=            1
 q=  -0.50000000 -0.50450983  0.00000000
  reading force constants from file dyn8
  nqs=            1
 q=  -0.50000000 -0.50450983 -0.78213508

      q-space grid ok, #points =    8

      fft-check warning: sum of imaginary terms = 3.174744E-07

     Q2R          :      0.95s CPU      1.03s WALL


   This run was terminated on:   0:10:59  16Aug2024            

=------------------------------------------------------------------------------=
   JOB DONE.
=------------------------------------------------------------------------------=
