
     Program Q2R v.7.3.1 starts on 15Aug2024 at 20:30:47 

     This program is part of the open-source Quantum ESPRESSO suite
     for quantum simulation of materials; please cite
         "P. Giannozzi et al., J. Phys.:Condens. Matter 21 395502 (2009);
         "P. Giannozzi et al., J. Phys.:Condens. Matter 29 465901 (2017);
         "P. Giannozzi et al., J. Chem. Phys. 152 154105 (2020);
          URL http://www.quantum-espresso.org", 
     in publications or presentations arising from this work. More details at
     http://www.quantum-espresso.org/quote

     Parallel version (MPI), running on    24 processors

     MPI processes distributed on     1 nodes
     R & G space division:  proc/nbgrp/npool/nimage =      24
     78903 MiB available memory on the printing compute node when the environment starts


  reading grid info from file dyn0    

  reading force constants from file dyn1
 macroscopic fields = T
   2.91842   0.00000   0.00000
   0.00000   2.96003   0.00000
   0.00000   0.00000   3.14973
  na=            1
   2.41786  -0.07093   0.00000
   0.25524   2.43293   0.00000
   0.00000   0.00000   2.98307
  na=            2
   2.41786   0.07093   0.00000
  -0.25524   2.43293   0.00000
   0.00000   0.00000   2.98307
  na=            3
  -0.12328   0.01369   0.00000
   0.16215   0.00609   0.00000
   0.00003  -0.00000  -0.18769
  na=            4
  -0.12328   0.01369  -0.00000
   0.16215   0.00609  -0.00000
  -0.00003   0.00000  -0.18769
  na=            5
  -0.12328  -0.01369  -0.00000
  -0.16215   0.00609   0.00000
  -0.00003  -0.00000  -0.18769
  na=            6
  -0.12328  -0.01369   0.00000
  -0.16215   0.00609  -0.00000
   0.00003   0.00000  -0.18769
  na=            7
  -0.44964   0.13287  -0.00003
   0.13809  -0.23344   0.00002
  -0.00002   0.00002  -0.25383
  na=            8
  -0.44964   0.13287   0.00003
   0.13809  -0.23344  -0.00002
   0.00002  -0.00002  -0.25383
  na=            9
  -0.44964  -0.13287   0.00003
  -0.13809  -0.23344   0.00002
   0.00002   0.00002  -0.25383
  na=           10
  -0.44964  -0.13287  -0.00003
  -0.13809  -0.23344  -0.00002
  -0.00002  -0.00002  -0.25383
  na=           11
  -0.21907  -0.00382   0.00000
  -0.09575  -0.45200   0.00000
  -0.00000  -0.00001  -0.25675
  na=           12
  -0.21907  -0.00382  -0.00000
  -0.09575  -0.45200  -0.00000
   0.00000   0.00001  -0.25675
  na=           13
  -0.21907   0.00382  -0.00000
   0.09575  -0.45200   0.00000
   0.00000  -0.00001  -0.25675
  na=           14
  -0.21907   0.00382   0.00000
   0.09575  -0.45200  -0.00000
  -0.00000   0.00001  -0.25675
  na=           15
  -0.20854   0.16128   0.07665
   0.11850  -0.26775  -0.10040
   0.04002  -0.11096  -0.39644
  na=           16
  -0.20854   0.16128  -0.07665
   0.11850  -0.26775   0.10040
  -0.04002   0.11096  -0.39644
  na=           17
  -0.20854  -0.16128  -0.07665
  -0.11850  -0.26775  -0.10040
  -0.04002  -0.11096  -0.39644
  na=           18
  -0.20854  -0.16128   0.07665
  -0.11850  -0.26775   0.10040
   0.04002   0.11096  -0.39644
  na=           19
  -0.20853   0.16125   0.07661
   0.11848  -0.26773  -0.10037
   0.04000  -0.11094  -0.39644
  na=           20
  -0.20853   0.16125  -0.07661
   0.11848  -0.26773   0.10037
  -0.04000   0.11094  -0.39644
  na=           21
  -0.20853  -0.16125  -0.07661
  -0.11848  -0.26773  -0.10037
  -0.04000  -0.11094  -0.39644
  na=           22
  -0.20853  -0.16125   0.07661
  -0.11848  -0.26773   0.10037
   0.04000   0.11094  -0.39644
  Norm of the difference between old and new effective charges:    0.00143952039355480822
  nqs=            1
 q=   0.00000000  0.00000000  0.00000000
  reading force constants from file dyn2
  nqs=            1
 q=   0.00000000  0.00000000 -0.76370628
  reading force constants from file dyn3
  nqs=            1
 q=   0.00000000 -0.50072354  0.00000000
  reading force constants from file dyn4
  nqs=            1
 q=   0.00000000 -0.50072354 -0.76370628
  reading force constants from file dyn5
  nqs=            1
 q=  -0.50000000  0.00000000  0.00000000
  reading force constants from file dyn6
  nqs=            1
 q=  -0.50000000  0.00000000 -0.76370628
  reading force constants from file dyn7
  nqs=            1
 q=  -0.50000000 -0.50072354  0.00000000
  reading force constants from file dyn8
  nqs=            1
 q=  -0.50000000 -0.50072354 -0.76370628

      q-space grid ok, #points =    8

      fft-check warning: sum of imaginary terms = 2.855825E-07

     Q2R          :      0.95s CPU      1.00s WALL


   This run was terminated on:  20:30:48  15Aug2024            

=------------------------------------------------------------------------------=
   JOB DONE.
=------------------------------------------------------------------------------=
