
     Program Q2R v.7.3.1 starts on 15Aug2024 at 22:16:22 

     This program is part of the open-source Quantum ESPRESSO suite
     for quantum simulation of materials; please cite
         "P. Giannozzi et al., J. Phys.:Condens. Matter 21 395502 (2009);
         "P. Giannozzi et al., J. Phys.:Condens. Matter 29 465901 (2017);
         "P. Giannozzi et al., J. Chem. Phys. 152 154105 (2020);
          URL http://www.quantum-espresso.org", 
     in publications or presentations arising from this work. More details at
     http://www.quantum-espresso.org/quote

     Parallel version (MPI), running on    24 processors

     MPI processes distributed on     1 nodes
     R & G space division:  proc/nbgrp/npool/nimage =      24
     78138 MiB available memory on the printing compute node when the environment starts


  reading grid info from file dyn0    

  reading force constants from file dyn1
 macroscopic fields = T
   2.89694   0.00000   0.00000
   0.00000   2.93520   0.00000
   0.00000   0.00000   3.13217
  na=            1
   2.40885  -0.07137   0.00000
   0.24821   2.42119   0.00000
   0.00000   0.00000   2.98718
  na=            2
   2.40885   0.07137   0.00000
  -0.24821   2.42119   0.00000
   0.00000   0.00000   2.98718
  na=            3
  -0.11685   0.01061   0.00000
   0.15763   0.01332   0.00000
   0.00003   0.00000  -0.18543
  na=            4
  -0.11685   0.01061  -0.00000
   0.15763   0.01332  -0.00000
  -0.00003  -0.00000  -0.18543
  na=            5
  -0.11685  -0.01061  -0.00000
  -0.15763   0.01332   0.00000
  -0.00003   0.00000  -0.18543
  na=            6
  -0.11685  -0.01061   0.00000
  -0.15763   0.01332  -0.00000
   0.00003  -0.00000  -0.18543
  na=            7
  -0.45249   0.12972  -0.00003
   0.13601  -0.23128   0.00002
  -0.00003   0.00002  -0.25488
  na=            8
  -0.45249   0.12972   0.00003
   0.13601  -0.23128  -0.00002
   0.00003  -0.00002  -0.25488
  na=            9
  -0.45249  -0.12972   0.00003
  -0.13601  -0.23128   0.00002
   0.00003   0.00002  -0.25488
  na=           10
  -0.45249  -0.12972  -0.00003
  -0.13601  -0.23128  -0.00002
  -0.00003  -0.00002  -0.25488
  na=           11
  -0.21328   0.00392   0.00000
  -0.09048  -0.45626   0.00000
  -0.00000  -0.00001  -0.25947
  na=           12
  -0.21328   0.00392  -0.00000
  -0.09048  -0.45626  -0.00000
   0.00000   0.00001  -0.25947
  na=           13
  -0.21328  -0.00392  -0.00000
   0.09048  -0.45626   0.00000
   0.00000  -0.00001  -0.25947
  na=           14
  -0.21328  -0.00392   0.00000
   0.09048  -0.45626  -0.00000
  -0.00000   0.00001  -0.25947
  na=           15
  -0.21095   0.16390   0.07910
   0.12269  -0.26736  -0.10036
   0.04326  -0.10954  -0.39673
  na=           16
  -0.21095   0.16390  -0.07910
   0.12269  -0.26736   0.10036
  -0.04326   0.10954  -0.39673
  na=           17
  -0.21095  -0.16390  -0.07910
  -0.12269  -0.26736  -0.10036
  -0.04326  -0.10954  -0.39673
  na=           18
  -0.21095  -0.16390   0.07910
  -0.12269  -0.26736   0.10036
   0.04326   0.10954  -0.39673
  na=           19
  -0.21094   0.16387   0.07906
   0.12266  -0.26734  -0.10033
   0.04324  -0.10952  -0.39673
  na=           20
  -0.21094   0.16387  -0.07906
   0.12266  -0.26734   0.10033
  -0.04324   0.10952  -0.39673
  na=           21
  -0.21094  -0.16387  -0.07906
  -0.12266  -0.26734  -0.10033
  -0.04324  -0.10952  -0.39673
  na=           22
  -0.21094  -0.16387   0.07906
  -0.12266  -0.26734   0.10033
   0.04324   0.10952  -0.39673
  Norm of the difference between old and new effective charges:    0.00145715885980675646
  nqs=            1
 q=   0.00000000  0.00000000  0.00000000
  reading force constants from file dyn2
  nqs=            1
 q=   0.00000000  0.00000000 -0.76987591
  reading force constants from file dyn3
  nqs=            1
 q=   0.00000000 -0.50218849  0.00000000
  reading force constants from file dyn4
  nqs=            1
 q=   0.00000000 -0.50218849 -0.76987591
  reading force constants from file dyn5
  nqs=            1
 q=  -0.50000000  0.00000000  0.00000000
  reading force constants from file dyn6
  nqs=            1
 q=  -0.50000000  0.00000000 -0.76987591
  reading force constants from file dyn7
  nqs=            1
 q=  -0.50000000 -0.50218849  0.00000000
  reading force constants from file dyn8
  nqs=            1
 q=  -0.50000000 -0.50218849 -0.76987591

      q-space grid ok, #points =    8

      fft-check warning: sum of imaginary terms = 8.830875E-08

     Q2R          :      0.97s CPU      1.03s WALL


   This run was terminated on:  22:16:23  15Aug2024            

=------------------------------------------------------------------------------=
   JOB DONE.
=------------------------------------------------------------------------------=
