
     Program MATDYN v.7.3.1 starts on 16Aug2024 at  0:55:12 

     This program is part of the open-source Quantum ESPRESSO suite
     for quantum simulation of materials; please cite
         "P. Giannozzi et al., J. Phys.:Condens. Matter 21 395502 (2009);
         "P. Giannozzi et al., J. Phys.:Condens. Matter 29 465901 (2017);
         "P. Giannozzi et al., J. Chem. Phys. 152 154105 (2020);
          URL http://www.quantum-espresso.org", 
     in publications or presentations arising from this work. More details at
     http://www.quantum-espresso.org/quote

     Parallel version (MPI), running on    24 processors

     MPI processes distributed on     1 nodes
     R & G space division:  proc/nbgrp/npool/nimage =      24
     66282 MiB available memory on the printing compute node when the environment starts

 Norm of the difference between old and new effective charges:    0.00000014142135660534

 Norm of the difference between old and new force-constants:   0.00212806552688982967


     MATDYN       :     16h44m CPU     16h45m WALL


   This run was terminated on:  17:40:50  16Aug2024            

=------------------------------------------------------------------------------=
   JOB DONE.
=------------------------------------------------------------------------------=
