
     Program Q2R v.7.3.1 starts on 16Aug2024 at  0:55:10 

     This program is part of the open-source Quantum ESPRESSO suite
     for quantum simulation of materials; please cite
         "P. Giannozzi et al., J. Phys.:Condens. Matter 21 395502 (2009);
         "P. Giannozzi et al., J. Phys.:Condens. Matter 29 465901 (2017);
         "P. Giannozzi et al., J. Chem. Phys. 152 154105 (2020);
          URL http://www.quantum-espresso.org", 
     in publications or presentations arising from this work. More details at
     http://www.quantum-espresso.org/quote

     Parallel version (MPI), running on    24 processors

     MPI processes distributed on     1 nodes
     R & G space division:  proc/nbgrp/npool/nimage =      24
     66295 MiB available memory on the printing compute node when the environment starts


  reading grid info from file dyn0    

  reading force constants from file dyn1
 macroscopic fields = T
   2.81726   0.00000   0.00000
   0.00000   2.84091   0.00000
   0.00000   0.00000   3.06388
  na=            1
   2.37651  -0.05380   0.00000
   0.21047   2.37776   0.00000
   0.00000   0.00000   3.00177
  na=            2
   2.37651   0.05380   0.00000
  -0.21047   2.37776   0.00000
   0.00000   0.00000   3.00177
  na=            3
  -0.07894   0.00380  -0.00000
   0.12939   0.03771   0.00001
   0.00000   0.00001  -0.17614
  na=            4
  -0.07894   0.00380   0.00000
   0.12939   0.03771  -0.00001
  -0.00000  -0.00001  -0.17614
  na=            5
  -0.07894  -0.00380   0.00000
  -0.12939   0.03771   0.00001
  -0.00000   0.00001  -0.17614
  na=            6
  -0.07894  -0.00380  -0.00000
  -0.12939   0.03771  -0.00001
   0.00000  -0.00001  -0.17614
  na=            7
  -0.46469   0.10984  -0.00001
   0.12712  -0.22299  -0.00000
  -0.00001   0.00000  -0.26057
  na=            8
  -0.46469   0.10984   0.00001
   0.12712  -0.22299   0.00000
   0.00001  -0.00000  -0.26057
  na=            9
  -0.46469  -0.10984   0.00001
  -0.12712  -0.22299  -0.00000
   0.00001   0.00000  -0.26057
  na=           10
  -0.46469  -0.10984  -0.00001
  -0.12712  -0.22299   0.00000
  -0.00001  -0.00000  -0.26057
  na=           11
  -0.19672   0.03977   0.00000
  -0.05935  -0.47285   0.00001
   0.00001   0.00002  -0.26904
  na=           12
  -0.19672   0.03977  -0.00000
  -0.05935  -0.47285  -0.00001
  -0.00001  -0.00002  -0.26904
  na=           13
  -0.19672  -0.03977  -0.00000
   0.05935  -0.47285   0.00001
  -0.00001   0.00002  -0.26904
  na=           14
  -0.19672  -0.03977   0.00000
   0.05935  -0.47285  -0.00001
   0.00001  -0.00002  -0.26904
  na=           15
  -0.22391   0.17422   0.08819
   0.14247  -0.26458  -0.09957
   0.05717  -0.10174  -0.39748
  na=           16
  -0.22391   0.17422  -0.08819
   0.14247  -0.26458   0.09957
  -0.05717   0.10174  -0.39748
  na=           17
  -0.22391  -0.17422  -0.08819
  -0.14247  -0.26458  -0.09957
  -0.05717  -0.10174  -0.39748
  na=           18
  -0.22391  -0.17422   0.08819
  -0.14247  -0.26458   0.09957
   0.05717   0.10174  -0.39748
  na=           19
  -0.22391   0.17421   0.08818
   0.14246  -0.26456  -0.09955
   0.05716  -0.10172  -0.39745
  na=           20
  -0.22391   0.17421  -0.08818
   0.14246  -0.26456   0.09955
  -0.05716   0.10172  -0.39745
  na=           21
  -0.22391  -0.17421  -0.08818
  -0.14246  -0.26456  -0.09955
  -0.05716  -0.10172  -0.39745
  na=           22
  -0.22391  -0.17421   0.08818
  -0.14246  -0.26456   0.09955
   0.05716   0.10172  -0.39745
  Norm of the difference between old and new effective charges:    0.00138455767121991951
  nqs=            1
 q=   0.00000000  0.00000000  0.00000000
  reading force constants from file dyn2
  nqs=            1
 q=   0.00000000  0.00000000 -0.79364885
  reading force constants from file dyn3
  nqs=            1
 q=   0.00000000 -0.50566749  0.00000000
  reading force constants from file dyn4
  nqs=            1
 q=   0.00000000 -0.50566749 -0.79364885
  reading force constants from file dyn5
  nqs=            1
 q=  -0.50000000  0.00000000  0.00000000
  reading force constants from file dyn6
  nqs=            1
 q=  -0.50000000  0.00000000 -0.79364885
  reading force constants from file dyn7
  nqs=            1
 q=  -0.50000000 -0.50566749  0.00000000
  reading force constants from file dyn8
  nqs=            1
 q=  -0.50000000 -0.50566749 -0.79364885

      q-space grid ok, #points =    8

      fft-check warning: sum of imaginary terms = 3.297029E-07

     Q2R          :      0.94s CPU      0.99s WALL


   This run was terminated on:   0:55:11  16Aug2024            

=------------------------------------------------------------------------------=
   JOB DONE.
=------------------------------------------------------------------------------=
