
     Program Q2R v.7.3.1 starts on 15Aug2024 at 19:54: 3 

     This program is part of the open-source Quantum ESPRESSO suite
     for quantum simulation of materials; please cite
         "P. Giannozzi et al., J. Phys.:Condens. Matter 21 395502 (2009);
         "P. Giannozzi et al., J. Phys.:Condens. Matter 29 465901 (2017);
         "P. Giannozzi et al., J. Chem. Phys. 152 154105 (2020);
          URL http://www.quantum-espresso.org", 
     in publications or presentations arising from this work. More details at
     http://www.quantum-espresso.org/quote

     Parallel version (MPI), running on    24 processors

     MPI processes distributed on     1 nodes
     R & G space division:  proc/nbgrp/npool/nimage =      24
     79793 MiB available memory on the printing compute node when the environment starts


  reading grid info from file dyn0    

  reading force constants from file dyn1
 macroscopic fields = T
   2.96294   0.00000   0.00000
   0.00000   3.01041   0.00000
   0.00000   0.00000   3.18566
  na=            1
   2.43639  -0.06667   0.00000
   0.26717   2.45552   0.00000
   0.00000   0.00000   2.97482
  na=            2
   2.43639   0.06667   0.00000
  -0.26717   2.45552   0.00000
   0.00000   0.00000   2.97482
  na=            3
  -0.13290   0.02004  -0.00000
   0.16858  -0.00808  -0.00000
   0.00003  -0.00001  -0.19189
  na=            4
  -0.13290   0.02004   0.00000
   0.16858  -0.00808   0.00000
  -0.00003   0.00001  -0.19189
  na=            5
  -0.13290  -0.02004   0.00000
  -0.16858  -0.00808  -0.00000
  -0.00003  -0.00001  -0.19189
  na=            6
  -0.13290  -0.02004  -0.00000
  -0.16858  -0.00808   0.00000
   0.00003   0.00001  -0.19189
  na=            7
  -0.44420   0.13721  -0.00003
   0.14167  -0.23777   0.00004
  -0.00003   0.00004  -0.25209
  na=            8
  -0.44420   0.13721   0.00003
   0.14167  -0.23777  -0.00004
   0.00003  -0.00004  -0.25209
  na=            9
  -0.44420  -0.13721   0.00003
  -0.14167  -0.23777   0.00004
   0.00003   0.00004  -0.25209
  na=           10
  -0.44420  -0.13721  -0.00003
  -0.14167  -0.23777  -0.00004
  -0.00003  -0.00004  -0.25209
  na=           11
  -0.23144  -0.01714  -0.00000
  -0.10355  -0.44410   0.00001
  -0.00001   0.00000  -0.25158
  na=           12
  -0.23144  -0.01714   0.00000
  -0.10355  -0.44410  -0.00001
   0.00001  -0.00000  -0.25158
  na=           13
  -0.23144   0.01714   0.00000
   0.10355  -0.44410   0.00001
   0.00001   0.00000  -0.25158
  na=           14
  -0.23144   0.01714  -0.00000
   0.10355  -0.44410  -0.00001
  -0.00001  -0.00000  -0.25158
  na=           15
  -0.20493   0.15646   0.07187
   0.11135  -0.26817  -0.10006
   0.03408  -0.11293  -0.39572
  na=           16
  -0.20493   0.15646  -0.07187
   0.11135  -0.26817   0.10006
  -0.03408   0.11293  -0.39572
  na=           17
  -0.20493  -0.15646  -0.07187
  -0.11135  -0.26817  -0.10006
  -0.03408  -0.11293  -0.39572
  na=           18
  -0.20493  -0.15646   0.07187
  -0.11135  -0.26817   0.10006
   0.03408   0.11293  -0.39572
  na=           19
  -0.20491   0.15643   0.07182
   0.11132  -0.26814  -0.10004
   0.03405  -0.11292  -0.39572
  na=           20
  -0.20491   0.15643  -0.07182
   0.11132  -0.26814   0.10004
  -0.03405   0.11292  -0.39572
  na=           21
  -0.20491  -0.15643  -0.07182
  -0.11132  -0.26814  -0.10004
  -0.03405  -0.11292  -0.39572
  na=           22
  -0.20491  -0.15643   0.07182
  -0.11132  -0.26814   0.10004
   0.03405   0.11292  -0.39572
  Norm of the difference between old and new effective charges:    0.00134385458534219552
  nqs=            1
 q=   0.00000000  0.00000000  0.00000000
  reading force constants from file dyn2
  nqs=            1
 q=   0.00000000  0.00000000 -0.75185347
  reading force constants from file dyn3
  nqs=            1
 q=   0.00000000 -0.49751477  0.00000000
  reading force constants from file dyn4
  nqs=            1
 q=   0.00000000 -0.49751477 -0.75185347
  reading force constants from file dyn5
  nqs=            1
 q=  -0.50000000  0.00000000  0.00000000
  reading force constants from file dyn6
  nqs=            1
 q=  -0.50000000  0.00000000 -0.75185347
  reading force constants from file dyn7
  nqs=            1
 q=  -0.50000000 -0.49751477  0.00000000
  reading force constants from file dyn8
  nqs=            1
 q=  -0.50000000 -0.49751477 -0.75185347

      q-space grid ok, #points =    8

      fft-check warning: sum of imaginary terms = 6.881611E-08

     Q2R          :      0.96s CPU      1.01s WALL


   This run was terminated on:  19:54: 4  15Aug2024            

=------------------------------------------------------------------------------=
   JOB DONE.
=------------------------------------------------------------------------------=
