
     Program Q2R v.7.3.1 starts on 15Aug2024 at 21:26:57 

     This program is part of the open-source Quantum ESPRESSO suite
     for quantum simulation of materials; please cite
         "P. Giannozzi et al., J. Phys.:Condens. Matter 21 395502 (2009);
         "P. Giannozzi et al., J. Phys.:Condens. Matter 29 465901 (2017);
         "P. Giannozzi et al., J. Chem. Phys. 152 154105 (2020);
          URL http://www.quantum-espresso.org", 
     in publications or presentations arising from this work. More details at
     http://www.quantum-espresso.org/quote

     Parallel version (MPI), running on    24 processors

     MPI processes distributed on     1 nodes
     R & G space division:  proc/nbgrp/npool/nimage =      24
     79632 MiB available memory on the printing compute node when the environment starts


  reading grid info from file dyn0    

  reading force constants from file dyn1
 macroscopic fields = T
   2.94046   0.00000   0.00000
   0.00000   2.98515   0.00000
   0.00000   0.00000   3.16753
  na=            1
   2.42710  -0.06923   0.00000
   0.26158   2.44443   0.00000
   0.00000   0.00000   2.97882
  na=            2
   2.42710   0.06923   0.00000
  -0.26158   2.44443   0.00000
   0.00000   0.00000   2.97882
  na=            3
  -0.12857   0.01691  -0.00000
   0.16578  -0.00111   0.00000
   0.00003  -0.00001  -0.18985
  na=            4
  -0.12857   0.01691   0.00000
   0.16578  -0.00111  -0.00000
  -0.00003   0.00001  -0.18985
  na=            5
  -0.12857  -0.01691   0.00000
  -0.16578  -0.00111   0.00000
  -0.00003  -0.00001  -0.18985
  na=            6
  -0.12857  -0.01691  -0.00000
  -0.16578  -0.00111  -0.00000
   0.00003   0.00001  -0.18985
  na=            7
  -0.44688   0.13535  -0.00003
   0.14001  -0.23560   0.00004
  -0.00003   0.00004  -0.25290
  na=            8
  -0.44688   0.13535   0.00003
   0.14001  -0.23560  -0.00004
   0.00003  -0.00004  -0.25290
  na=            9
  -0.44688  -0.13535   0.00003
  -0.14001  -0.23560   0.00004
   0.00003   0.00004  -0.25290
  na=           10
  -0.44688  -0.13535  -0.00003
  -0.14001  -0.23560  -0.00004
  -0.00003  -0.00004  -0.25290
  na=           11
  -0.22520  -0.01087  -0.00000
  -0.10009  -0.44791   0.00001
  -0.00001   0.00000  -0.25407
  na=           12
  -0.22520  -0.01087   0.00000
  -0.10009  -0.44791  -0.00001
   0.00001  -0.00000  -0.25407
  na=           13
  -0.22520   0.01087   0.00000
   0.10009  -0.44791   0.00001
   0.00001   0.00000  -0.25407
  na=           14
  -0.22520   0.01087  -0.00000
   0.10009  -0.44791  -0.00001
  -0.00001  -0.00000  -0.25407
  na=           15
  -0.20655   0.15879   0.07422
   0.11473  -0.26802  -0.10030
   0.03694  -0.11209  -0.39610
  na=           16
  -0.20655   0.15879  -0.07422
   0.11473  -0.26802   0.10030
  -0.03694   0.11209  -0.39610
  na=           17
  -0.20655  -0.15879  -0.07422
  -0.11473  -0.26802  -0.10030
  -0.03694  -0.11209  -0.39610
  na=           18
  -0.20655  -0.15879   0.07422
  -0.11473  -0.26802   0.10030
   0.03694   0.11209  -0.39610
  na=           19
  -0.20653   0.15875   0.07417
   0.11470  -0.26800  -0.10028
   0.03692  -0.11208  -0.39609
  na=           20
  -0.20653   0.15875  -0.07417
   0.11470  -0.26800   0.10028
  -0.03692   0.11208  -0.39609
  na=           21
  -0.20653  -0.15875  -0.07417
  -0.11470  -0.26800  -0.10028
  -0.03692  -0.11208  -0.39609
  na=           22
  -0.20653  -0.15875   0.07417
  -0.11470  -0.26800   0.10028
   0.03692   0.11208  -0.39609
  Norm of the difference between old and new effective charges:    0.00138856954719081250
  nqs=            1
 q=   0.00000000  0.00000000  0.00000000
  reading force constants from file dyn2
  nqs=            1
 q=   0.00000000  0.00000000 -0.75765343
  reading force constants from file dyn3
  nqs=            1
 q=   0.00000000 -0.49914871  0.00000000
  reading force constants from file dyn4
  nqs=            1
 q=   0.00000000 -0.49914871 -0.75765343
  reading force constants from file dyn5
  nqs=            1
 q=  -0.50000000  0.00000000  0.00000000
  reading force constants from file dyn6
  nqs=            1
 q=  -0.50000000  0.00000000 -0.75765343
  reading force constants from file dyn7
  nqs=            1
 q=  -0.50000000 -0.49914871  0.00000000
  reading force constants from file dyn8
  nqs=            1
 q=  -0.50000000 -0.49914871 -0.75765343

      q-space grid ok, #points =    8

      fft-check warning: sum of imaginary terms = 2.869512E-07

     Q2R          :      0.98s CPU      1.05s WALL


   This run was terminated on:  21:26:59  15Aug2024            

=------------------------------------------------------------------------------=
   JOB DONE.
=------------------------------------------------------------------------------=
