
     Program Q2R v.7.3.1 starts on 15Aug2024 at 17:59:20 

     This program is part of the open-source Quantum ESPRESSO suite
     for quantum simulation of materials; please cite
         "P. Giannozzi et al., J. Phys.:Condens. Matter 21 395502 (2009);
         "P. Giannozzi et al., J. Phys.:Condens. Matter 29 465901 (2017);
         "P. Giannozzi et al., J. Chem. Phys. 152 154105 (2020);
          URL http://www.quantum-espresso.org", 
     in publications or presentations arising from this work. More details at
     http://www.quantum-espresso.org/quote

     Parallel version (MPI), running on    24 processors

     MPI processes distributed on     1 nodes
     R & G space division:  proc/nbgrp/npool/nimage =      24
     79528 MiB available memory on the printing compute node when the environment starts


  reading grid info from file dyn0    

  reading force constants from file dyn1
 macroscopic fields = T
   2.98586   0.00000   0.00000
   0.00000   3.03577   0.00000
   0.00000   0.00000   3.20415
  na=            1
   2.44566  -0.06362   0.00000
   0.27202   2.46597   0.00000
   0.00000   0.00000   2.97101
  na=            2
   2.44566   0.06362   0.00000
  -0.27202   2.46597   0.00000
   0.00000   0.00000   2.97101
  na=            3
  -0.13636   0.02292  -0.00000
   0.17068  -0.01461   0.00000
   0.00003  -0.00001  -0.19378
  na=            4
  -0.13636   0.02292   0.00000
   0.17068  -0.01461  -0.00000
  -0.00003   0.00001  -0.19378
  na=            5
  -0.13636  -0.02292   0.00000
  -0.17068  -0.01461   0.00000
  -0.00003  -0.00001  -0.19378
  na=            6
  -0.13636  -0.02292  -0.00000
  -0.17068  -0.01461  -0.00000
   0.00003   0.00001  -0.19378
  na=            7
  -0.44164   0.13847  -0.00003
   0.14303  -0.23988   0.00003
  -0.00003   0.00003  -0.25137
  na=            8
  -0.44164   0.13847   0.00003
   0.14303  -0.23988  -0.00003
   0.00003  -0.00003  -0.25137
  na=            9
  -0.44164  -0.13847   0.00003
  -0.14303  -0.23988   0.00003
   0.00003   0.00003  -0.25137
  na=           10
  -0.44164  -0.13847  -0.00003
  -0.14303  -0.23988  -0.00003
  -0.00003  -0.00003  -0.25137
  na=           11
  -0.23763  -0.02260  -0.00000
  -0.10624  -0.44069   0.00001
  -0.00001   0.00000  -0.24936
  na=           12
  -0.23763  -0.02260   0.00000
  -0.10624  -0.44069  -0.00001
   0.00001  -0.00000  -0.24936
  na=           13
  -0.23763   0.02260   0.00000
   0.10624  -0.44069   0.00001
   0.00001   0.00000  -0.24936
  na=           14
  -0.23763   0.02260  -0.00000
   0.10624  -0.44069  -0.00001
  -0.00001  -0.00000  -0.24936
  na=           15
  -0.20372   0.15434   0.06965
   0.10840  -0.26819  -0.09964
   0.03145  -0.11348  -0.39529
  na=           16
  -0.20372   0.15434  -0.06965
   0.10840  -0.26819   0.09964
  -0.03145   0.11348  -0.39529
  na=           17
  -0.20372  -0.15434  -0.06965
  -0.10840  -0.26819  -0.09964
  -0.03145  -0.11348  -0.39529
  na=           18
  -0.20372  -0.15434   0.06965
  -0.10840  -0.26819   0.09964
   0.03145   0.11348  -0.39529
  na=           19
  -0.20369   0.15431   0.06961
   0.10838  -0.26817  -0.09963
   0.03143  -0.11347  -0.39529
  na=           20
  -0.20369   0.15431  -0.06961
   0.10838  -0.26817   0.09963
  -0.03143   0.11347  -0.39529
  na=           21
  -0.20369  -0.15431  -0.06961
  -0.10838  -0.26817  -0.09963
  -0.03143  -0.11347  -0.39529
  na=           22
  -0.20369  -0.15431   0.06961
  -0.10838  -0.26817   0.09963
   0.03143   0.11347  -0.39529
  Norm of the difference between old and new effective charges:    0.00130177538715659240
  nqs=            1
 q=   0.00000000  0.00000000  0.00000000
  reading force constants from file dyn2
  nqs=            1
 q=   0.00000000  0.00000000 -0.74639271
  reading force constants from file dyn3
  nqs=            1
 q=   0.00000000 -0.49589643  0.00000000
  reading force constants from file dyn4
  nqs=            1
 q=   0.00000000 -0.49589643 -0.74639271
  reading force constants from file dyn5
  nqs=            1
 q=  -0.50000000  0.00000000  0.00000000
  reading force constants from file dyn6
  nqs=            1
 q=  -0.50000000  0.00000000 -0.74639271
  reading force constants from file dyn7
  nqs=            1
 q=  -0.50000000 -0.49589643  0.00000000
  reading force constants from file dyn8
  nqs=            1
 q=  -0.50000000 -0.49589643 -0.74639271

      q-space grid ok, #points =    8

      fft-check warning: sum of imaginary terms = 3.451580E-07

     Q2R          :      0.96s CPU      1.03s WALL


   This run was terminated on:  17:59:21  15Aug2024            

=------------------------------------------------------------------------------=
   JOB DONE.
=------------------------------------------------------------------------------=
