
     Program Q2R v.7.3.1 starts on 15Aug2024 at 22:31:15 

     This program is part of the open-source Quantum ESPRESSO suite
     for quantum simulation of materials; please cite
         "P. Giannozzi et al., J. Phys.:Condens. Matter 21 395502 (2009);
         "P. Giannozzi et al., J. Phys.:Condens. Matter 29 465901 (2017);
         "P. Giannozzi et al., J. Chem. Phys. 152 154105 (2020);
          URL http://www.quantum-espresso.org", 
     in publications or presentations arising from this work. More details at
     http://www.quantum-espresso.org/quote

     Parallel version (MPI), running on    24 processors

     MPI processes distributed on     1 nodes
     R & G space division:  proc/nbgrp/npool/nimage =      24
     77885 MiB available memory on the printing compute node when the environment starts


  reading grid info from file dyn0    

  reading force constants from file dyn1
 macroscopic fields = T
   2.87608   0.00000   0.00000
   0.00000   2.91080   0.00000
   0.00000   0.00000   3.11484
  na=            1
   2.40019  -0.07023   0.00000
   0.24043   2.40959   0.00000
   0.00000   0.00000   2.99116
  na=            2
   2.40019   0.07023   0.00000
  -0.24043   2.40959   0.00000
   0.00000   0.00000   2.99116
  na=            3
  -0.10926   0.00787   0.00000
   0.15217   0.02035  -0.00000
   0.00002   0.00000  -0.18313
  na=            4
  -0.10926   0.00787  -0.00000
   0.15217   0.02035   0.00000
  -0.00002  -0.00000  -0.18313
  na=            5
  -0.10926  -0.00787  -0.00000
  -0.15217   0.02035  -0.00000
  -0.00002   0.00000  -0.18313
  na=            6
  -0.10926  -0.00787   0.00000
  -0.15217   0.02035   0.00000
   0.00002  -0.00000  -0.18313
  na=            7
  -0.45542   0.12593  -0.00003
   0.13386  -0.22920   0.00001
  -0.00002   0.00001  -0.25607
  na=            8
  -0.45542   0.12593   0.00003
   0.13386  -0.22920  -0.00001
   0.00002  -0.00001  -0.25607
  na=            9
  -0.45542  -0.12593   0.00003
  -0.13386  -0.22920   0.00001
   0.00002   0.00001  -0.25607
  na=           10
  -0.45542  -0.12593  -0.00003
  -0.13386  -0.22920  -0.00001
  -0.00002  -0.00001  -0.25607
  na=           11
  -0.20805   0.01222   0.00000
  -0.08426  -0.46057   0.00001
  -0.00000  -0.00000  -0.26214
  na=           12
  -0.20805   0.01222  -0.00000
  -0.08426  -0.46057  -0.00001
   0.00000   0.00000  -0.26214
  na=           13
  -0.20805  -0.01222  -0.00000
   0.08426  -0.46057   0.00001
   0.00000  -0.00000  -0.26214
  na=           14
  -0.20805  -0.01222   0.00000
   0.08426  -0.46057  -0.00001
  -0.00000   0.00000  -0.26214
  na=           15
  -0.21372   0.16656   0.08152
   0.12719  -0.26685  -0.10023
   0.04662  -0.10789  -0.39697
  na=           16
  -0.21372   0.16656  -0.08152
   0.12719  -0.26685   0.10023
  -0.04662   0.10789  -0.39697
  na=           17
  -0.21372  -0.16656  -0.08152
  -0.12719  -0.26685  -0.10023
  -0.04662  -0.10789  -0.39697
  na=           18
  -0.21372  -0.16656   0.08152
  -0.12719  -0.26685   0.10023
   0.04662   0.10789  -0.39697
  na=           19
  -0.21371   0.16653   0.08148
   0.12717  -0.26682  -0.10020
   0.04660  -0.10786  -0.39695
  na=           20
  -0.21371   0.16653  -0.08148
   0.12717  -0.26682   0.10020
  -0.04660   0.10786  -0.39695
  na=           21
  -0.21371  -0.16653  -0.08148
  -0.12717  -0.26682  -0.10020
  -0.04660  -0.10786  -0.39695
  na=           22
  -0.21371  -0.16653   0.08148
  -0.12717  -0.26682   0.10020
   0.04660   0.10786  -0.39695
  Norm of the difference between old and new effective charges:    0.00147895192001591571
  nqs=            1
 q=   0.00000000  0.00000000  0.00000000
  reading force constants from file dyn2
  nqs=            1
 q=   0.00000000  0.00000000 -0.77606060
  reading force constants from file dyn3
  nqs=            1
 q=   0.00000000 -0.50347090  0.00000000
  reading force constants from file dyn4
  nqs=            1
 q=   0.00000000 -0.50347090 -0.77606060
  reading force constants from file dyn5
  nqs=            1
 q=  -0.50000000  0.00000000  0.00000000
  reading force constants from file dyn6
  nqs=            1
 q=  -0.50000000  0.00000000 -0.77606060
  reading force constants from file dyn7
  nqs=            1
 q=  -0.50000000 -0.50347090  0.00000000
  reading force constants from file dyn8
  nqs=            1
 q=  -0.50000000 -0.50347090 -0.77606060

      q-space grid ok, #points =    8

      fft-check warning: sum of imaginary terms = 2.020546E-07

     Q2R          :      0.92s CPU      1.01s WALL


   This run was terminated on:  22:31:16  15Aug2024            

=------------------------------------------------------------------------------=
   JOB DONE.
=------------------------------------------------------------------------------=
